---
source: src/lexer.rs
expression: "tokenize(\"( ) { }\")"
---
(
    [
        Token {
            kind: OpenParen,
            text: "(",
            range: 0..1,
        },
        Token {
            kind: Whitespace,
            text: " ",
            range: 1..2,
        },
        Token {
            kind: CloseParen,
            text: ")",
            range: 2..3,
        },
        Token {
            kind: Whitespace,
            text: " ",
            range: 3..4,
        },
        Token {
            kind: OpenBrace,
            text: "{",
            range: 4..5,
        },
        Token {
            kind: Whitespace,
            text: " ",
            range: 5..6,
        },
        Token {
            kind: CloseBrace,
            text: "}",
            range: 6..7,
        },
        Token {
            kind: Eof,
            text: "",
            range: 7..7,
        },
    ],
    [],
)
