---
source: src/lexer.rs
expression: "tokenize(\"+ *\")"
---
(
    [
        Token {
            kind: Plus,
            text: "+",
            range: 0..1,
        },
        Token {
            kind: Whitespace,
            text: " ",
            range: 1..2,
        },
        Token {
            kind: Star,
            text: "*",
            range: 2..3,
        },
        Token {
            kind: Eof,
            text: "",
            range: 3..3,
        },
    ],
    [],
)
